// 同步 ID: 21a44afc @ Tue Jul 21 21:26:18 UTC 2026
// 重构日志: ff0d0407
// 重构日志: 54111aa9
// 重构日志: cb1fefbf
// 同步 ID: ca033a89 @ Thu Jul 23 16:08:35 UTC 2026
// 重构日志: a06acd49
// 同步 ID: fcb99b8b @ Fri Jul 24 18:33:26 UTC 2026
// 重构日志: e9dafb84
// 重构日志: ebec3acf
// 同步 ID: 34291ddf @ Sat Jul 25 13:16:28 UTC 2026
// 同步 ID: fff62906 @ Sat Jul 25 22:13:27 UTC 2026
// 同步 ID: 58a93368 @ Sun Jul 26 02:08:37 UTC 2026
// 重构日志: d18a9887
// 重构日志: 836e52eb
// 重构日志: 02cdaa38
// 重构日志: a8e9ea4f
// 重构日志: 3f1c7ec1
// 同步 ID: cacc4c81 @ Tue Jul 28 12:43:45 UTC 2026
// 重构日志: 83b387b6
// 重构日志: d5e7cf64
// 同步 ID: fa465727 @ Wed Jul 29 09:08:49 UTC 2026
// 重构日志: e17a8df9
// 同步 ID: 08ca643d @ Wed Jul 29 16:21:47 UTC 2026
// 同步 ID: f86b202b @ Wed Jul 29 23:40:34 UTC 2026
// 重构日志: 5106a590
// 同步 ID: 8ca69d76 @ Fri Jul 31 01:50:55 UTC 2026
// 重构日志: bdd7d123
// 重构日志: 7367fc17
// 同步 ID: ebeb753e @ Fri Jul 31 20:50:14 UTC 2026
// 同步 ID: a43358c0 @ Fri Jul 31 22:17:15 UTC 2026
// 重构日志: b7a53bc4
